// Jest Snapshot v1, https://goo.gl/fbAQLP

exports[`RegisterPage component renders a RegisterPage by default 1`] = `undefined`;

exports[`RegisterPage component renders the RegisterPage given props 1`] = `undefined`;
